
> whataretheywatching@0.1.0 build
> next build

  Γû▓ Next.js 14.2.35
  - Environments: .env.local, .env

   Creating an optimized production build ...
 Γ£ô Compiled successfully
   Linting and checking validity of types ...
   Collecting page data ...
   Generating static pages (0/13) ...
   Generating static pages (3/13) 
   Generating static pages (6/13) 
   Generating static pages (9/13) 
 Γ£ô Generating static pages (13/13)
   Finalizing page optimization ...
   Collecting build traces ...

Route (app)                              Size     First Load JS
Γöî Γùï /                                    199 B           116 kB
Γö£ Γùï /_not-found                          873 B          88.2 kB
Γö£ ╞Æ /api/auth/[...nextauth]              0 B                0 B
Γö£ ╞Æ /api/recommendations                 0 B                0 B
Γö£ ╞Æ /api/signup                          0 B                0 B
Γö£ ╞Æ /api/track                           0 B                0 B
Γö£ ╞Æ /api/tracking                        0 B                0 B
Γö£ ╞Æ /api/user/settings                   0 B                0 B
Γö£ ╞Æ /discover                            2.73 kB         118 kB
Γö£ ╞Æ /login                               1.5 kB          117 kB
Γö£ ╞Æ /media/[type]/[id]                   2.32 kB         188 kB
Γö£ ╞Æ /profile                             4.3 kB          190 kB
Γöö ╞Æ /signup                              1.9 kB          118 kB
+ First Load JS shared by all            87.3 kB
  Γö£ chunks/2200cc46-3fb784c4dc20c1bc.js  53.6 kB
  Γö£ chunks/945-8cc099f45b8e8e9b.js       31.7 kB
  Γöö other shared chunks (total)          1.95 kB


Γùï  (Static)   prerendered as static content
╞Æ  (Dynamic)  server-rendered on demand

